commit e992f3d8ccc05558f29bb2c16fde5cca92c535c5
Author: feo <feo@Feo2025>
Date:   Thu Aug 20 10:26:10 2026 -0500

    V 1.0.1 c Restauracion despues de interaccion con Docker
     Committer: feo <feo@Feo2025>
    
     On branch master
     Changes to be committed:
            modified:   src/App.vue
    
    correccion
    
    DONE al interactuar con el contenedor se cambiaron los permisos para que fuera accesible desde el contnedor pero el resultado fue concesion de permisos de ejecucion indeseados.
    se hizo una rama nueva llamada back*** que tiene el repo con los cambios de permisos
    en master se hizo [restore] a excepcion de vue.app que tenia cambios de contenidos. este commit tiene el archivo con los permisos ejecutables y se d eben cambiar tambien
    
    TDOD cambiar los permisos, eliminar los de ejecucion y validar cual es la forma correcta de interactuar con <docker>

commit c35fd5eef5e033151d669c3b3b172667ff99c991
Author: feo <feo@Feo2025>
Date:   Mon Jun 9 12:54:39 2025 -0500

    0.0.0 Primer commit ambiente copiado para hacer pruebas de auth
    
     Changes to be committed:
            new file:   README.md
            new file:   babel.config.js
            new file:   jsconfig.json
            new file:   package-lock.json
            new file:   package.json
            new file:   public/favicon.ico
            new file:   public/index.html
            new file:   src/App.vue
            new file:   src/assets/logo.png
            new file:   src/components/CounterComposition.vue
            new file:   src/components/CounterOption.vue
            new file:   src/components/DrawingCanvas.vue
            new file:   src/components/HelloWorld.vue
            new file:   src/components/PostButton.vue
            new file:   src/components/PostCard.vue
            new file:   src/components/PostContainer.vue
            new file:   src/main.js
            new file:   vue.config.js
    DONE: se copiaron archivos del proyecto vueApp para hacer el proyecto de autenticacion
    Se usa con un contenedor vue-auth y debe tener estas carpetas para funcionar
    docker run -it --rm   -v ${PWD}/src:/app/src   -v ${PWD}/public:/app/public   -v /app/node_modules   -p 8080:8080 -d --name vue-auth vue-app
    TODO: No quiso editar con vscode desde wsl
    TODO: hacer la prueba de instalacion dentro del contenedor y establecer el protocolo para seguir usando el contenedor aislado
    TODO: probar las actualizaciones del contenido dentro y fuera del contenedor
    TODO: validar los prinncipios de inmutabilidad del contenedor
